/workspaces/CubeIDE/Core/Src/main.c:89:5:main	8	static
/workspaces/CubeIDE/Core/Src/main.c:174:6:SystemClock_Config	96	static
/workspaces/CubeIDE/Core/Src/main.c:225:13:MX_I2C1_Init	8	static
/workspaces/CubeIDE/Core/Src/main.c:273:13:MX_IWDG_Init	8	static
/workspaces/CubeIDE/Core/Src/main.c:302:13:MX_USART2_UART_Init	8	static
/workspaces/CubeIDE/Core/Src/main.c:337:13:MX_WWDG_Init	8	static
/workspaces/CubeIDE/Core/Src/main.c:365:13:MX_DMA_Init	16	static
/workspaces/CubeIDE/Core/Src/main.c:386:13:MX_GPIO_Init	48	static
/workspaces/CubeIDE/Core/Src/main.c:445:6:StartDefaultTask	16	static
/workspaces/CubeIDE/Core/Src/main.c:465:6:HAL_TIM_PeriodElapsedCallback	16	static
/workspaces/CubeIDE/Core/Src/main.c:483:6:Error_Handler	4	static
